1 1 0.0575469
1 5 0.1939082
1 4 0.1926869
1 2 1.0494210
2 3 0.3776682
2 4 1.5705895
2 5 0.1606133
2 2 0.8645004
